[05Jan2025 00:00:00.791] [Server thread/WARN] [net.minecraft.server.level.ServerPlayerGameMode/]: Mismatch in destroy block pos: BlockPos{x=-19, y=-44, z=-16} BlockPos{x=-16, y=-47, z=-9}
[05Jan2025 00:00:01.035] [Server thread/WARN] [net.minecraft.server.level.ServerPlayerGameMode/]: Mismatch in destroy block pos: BlockPos{x=-19, y=-44, z=-16} BlockPos{x=-16, y=-48, z=-9}
[05Jan2025 00:00:01.037] [Server thread/WARN] [net.minecraft.server.level.ServerPlayerGameMode/]: Mismatch in destroy block pos: BlockPos{x=-19, y=-44, z=-16} BlockPos{x=-16, y=-49, z=-9}
[05Jan2025 00:00:01.991] [Server thread/WARN] [net.minecraft.server.level.ServerPlayerGameMode/]: Mismatch in destroy block pos: BlockPos{x=-19, y=-44, z=-16} BlockPos{x=-15, y=-48, z=-9}
[05Jan2025 00:00:05.943] [Server thread/WARN] [net.minecraft.server.level.ServerPlayerGameMode/]: Mismatch in destroy block pos: BlockPos{x=-19, y=-44, z=-16} BlockPos{x=-15, y=-44, z=-12}
[05Jan2025 00:00:06.792] [Server thread/WARN] [net.minecraft.server.level.ServerPlayerGameMode/]: Mismatch in destroy block pos: BlockPos{x=-19, y=-44, z=-16} BlockPos{x=-15, y=-44, z=-13}
[05Jan2025 00:00:16.743] [Server thread/WARN] [net.minecraft.server.level.ServerPlayerGameMode/]: Mismatch in destroy block pos: BlockPos{x=-9, y=-44, z=-17} BlockPos{x=-11, y=-44, z=-15}
[05Jan2025 00:00:16.790] [Server thread/WARN] [net.minecraft.server.level.ServerPlayerGameMode/]: Mismatch in destroy block pos: BlockPos{x=-9, y=-44, z=-17} BlockPos{x=-9, y=-44, z=-15}
[05Jan2025 00:00:19.949] [Server thread/WARN] [net.minecraft.server.level.ServerPlayerGameMode/]: Mismatch in destroy block pos: BlockPos{x=-6, y=-44, z=-17} BlockPos{x=-7, y=-44, z=-14}
[05Jan2025 00:00:21.370] [Server thread/WARN] [net.minecraft.server.level.ServerPlayerGameMode/]: Mismatch in destroy block pos: BlockPos{x=-6, y=-44, z=-17} BlockPos{x=-6, y=-44, z=-15}
[05Jan2025 00:00:21.454] [Server thread/WARN] [net.minecraft.server.level.ServerPlayerGameMode/]: Mismatch in destroy block pos: BlockPos{x=-6, y=-44, z=-17} BlockPos{x=-5, y=-44, z=-16}
[05Jan2025 00:04:05.330] [Server thread/INFO] [net.minecraft.server.network.ServerGamePacketListenerImpl/]: Nucaraga lost connection: Disconnected
[05Jan2025 00:04:05.331] [Server thread/INFO] [net.minecraft.server.MinecraftServer/]: Nucaraga left the game
[05Jan2025 00:11:48.526] [Server thread/INFO] [net.minecraft.server.network.ServerGamePacketListenerImpl/]: Luzbel1t0 lost connection: Timed out
[05Jan2025 00:11:48.526] [Server thread/INFO] [net.minecraft.server.MinecraftServer/]: Luzbel1t0 left the game
[05Jan2025 00:12:07.986] [Server thread/INFO] [net.minecraft.server.players.PlayerList/]: Luzbel1t0[/127.184.32.72:59507] logged in with entity id 196707 at (394.5220040851913, 60.0, 386.0541319624938)
[05Jan2025 00:12:08.100] [Server thread/INFO] [net.minecraft.server.MinecraftServer/]: Luzbel1t0 joined the game
[05Jan2025 00:12:08.212] [Server thread/INFO] [Jade/]: Syncing config to Luzbel1t0 (df22fe92-577b-395e-b9ac-6fbd2f188cdf)
[05Jan2025 00:15:47.384] [Server thread/WARN] [net.minecraft.server.MinecraftServer/]: Can't keep up! Is the server overloaded? Running 2040ms or 40 ticks behind
[05Jan2025 00:16:06.710] [Server thread/WARN] [net.minecraft.server.MinecraftServer/]: Can't keep up! Is the server overloaded? Running 4365ms or 87 ticks behind
[05Jan2025 00:16:29.204] [Server thread/INFO] [net.minecraft.server.MinecraftServer/]: aw has reached the goal [Desperate Measures]
[05Jan2025 00:17:03.546] [Server thread/INFO] [net.minecraft.server.network.ServerGamePacketListenerImpl/]: aw lost connection: Timed out
[05Jan2025 00:17:03.547] [Server thread/INFO] [net.minecraft.server.MinecraftServer/]: aw left the game
[05Jan2025 00:17:03.637] [Server thread/WARN] [net.minecraft.network.Connection/]: handleDisconnection() called twice
[05Jan2025 00:18:10.097] [Server thread/INFO] [net.minecraft.server.players.PlayerList/]: aw[/127.98.139.244:38361] logged in with entity id 200309 at (325.93907990593783, 63.0, 77.5205535516412)
[05Jan2025 00:18:10.148] [Server thread/INFO] [net.minecraft.server.MinecraftServer/]: aw joined the game
[05Jan2025 00:18:10.200] [Server thread/INFO] [Jade/]: Syncing config to aw (90b84ac2-daee-33a4-860d-84877eae8960)
[05Jan2025 00:18:15.528] [Server thread/WARN] [net.minecraft.server.MinecraftServer/]: Can't keep up! Is the server overloaded? Running 2033ms or 40 ticks behind
[05Jan2025 00:18:31.364] [Server thread/INFO] [net.minecraft.server.players.PlayerList/]: Nucaraga[/127.122.70.63:38411] logged in with entity id 201042 at (127.54834881484587, -48.0, 96.55567958748928)
[05Jan2025 00:18:31.404] [Server thread/INFO] [net.minecraft.server.MinecraftServer/]: Nucaraga joined the game
[05Jan2025 00:18:31.483] [Server thread/INFO] [Jade/]: Syncing config to Nucaraga (8f9e4dad-698b-3c00-8b47-6313d8eeb79d)
[05Jan2025 00:18:40.701] [Server thread/WARN] [net.minecraft.server.MinecraftServer/]: Can't keep up! Is the server overloaded? Running 2306ms or 46 ticks behind
[05Jan2025 00:19:04.088] [Server thread/WARN] [net.minecraft.server.MinecraftServer/]: Can't keep up! Is the server overloaded? Running 8394ms or 167 ticks behind
[05Jan2025 00:22:17.459] [Server thread/WARN] [net.minecraft.server.MinecraftServer/]: Can't keep up! Is the server overloaded? Running 2014ms or 40 ticks behind
[05Jan2025 00:23:10.810] [Server thread/INFO] [net.minecraft.server.MinecraftServer/]: Luzbel1t0 has made the advancement [War Pigs]
[05Jan2025 00:25:14.776] [Server thread/WARN] [net.minecraft.server.MinecraftServer/]: Can't keep up! Is the server overloaded? Running 2232ms or 44 ticks behind
[05Jan2025 00:27:23.467] [Server thread/WARN] [net.minecraft.server.MinecraftServer/]: Can't keep up! Is the server overloaded? Running 2022ms or 40 ticks behind
[05Jan2025 00:27:43.161] [Server thread/WARN] [net.minecraft.server.MinecraftServer/]: Can't keep up! Is the server overloaded? Running 4717ms or 94 ticks behind
[05Jan2025 00:27:43.657] [Server thread/INFO] [net.minecraft.server.MinecraftServer/]: Luzbel1t0 has made the advancement [It Belongs in a Museum]
[05Jan2025 00:28:53.974] [Server thread/WARN] [net.minecraft.server.MinecraftServer/]: Can't keep up! Is the server overloaded? Running 2030ms or 40 ticks behind
[05Jan2025 00:29:15.016] [Server thread/INFO] [net.minecraft.world.entity.npc.Villager/]: Villager Villager['Farmer'/200323, l='ServerLevel[world]', x=355.83, y=63.19, z=71.30] died, message: 'Farmer was slain by Zombie'
[05Jan2025 00:29:50.704] [Server thread/WARN] [net.minecraft.server.MinecraftServer/]: Can't keep up! Is the server overloaded? Running 2010ms or 40 ticks behind
[05Jan2025 00:30:09.866] [Server thread/WARN] [net.minecraft.server.MinecraftServer/]: Can't keep up! Is the server overloaded? Running 2122ms or 42 ticks behind
[05Jan2025 00:32:35.856] [Server thread/WARN] [net.minecraft.server.MinecraftServer/]: Can't keep up! Is the server overloaded? Running 2112ms or 42 ticks behind
[05Jan2025 00:32:52.616] [Server thread/INFO] [net.minecraft.server.network.ServerGamePacketListenerImpl/]: Luzbel1t0 lost connection: Disconnected
[05Jan2025 00:32:52.619] [Server thread/INFO] [net.minecraft.server.MinecraftServer/]: Luzbel1t0 left the game
[05Jan2025 00:32:57.688] [Server thread/WARN] [net.minecraft.server.MinecraftServer/]: Can't keep up! Is the server overloaded? Running 6844ms or 136 ticks behind
[05Jan2025 00:35:35.286] [Server thread/WARN] [net.minecraft.server.MinecraftServer/]: Can't keep up! Is the server overloaded? Running 2092ms or 41 ticks behind
[05Jan2025 00:37:50.963] [Server thread/WARN] [net.minecraft.server.MinecraftServer/]: Can't keep up! Is the server overloaded? Running 2018ms or 40 ticks behind
[05Jan2025 00:38:10.951] [Server thread/WARN] [net.minecraft.server.MinecraftServer/]: Can't keep up! Is the server overloaded? Running 5007ms or 100 ticks behind
[05Jan2025 00:40:24.267] [Server thread/WARN] [net.minecraft.server.MinecraftServer/]: Can't keep up! Is the server overloaded? Running 2323ms or 46 ticks behind
[05Jan2025 00:43:30.682] [Server thread/WARN] [net.minecraft.server.network.ServerGamePacketListenerImpl/]: aw moved too quickly! -14.789721393062962,-2.319715689085683,11.189442383494509
[05Jan2025 00:43:32.248] [Server thread/WARN] [net.minecraft.server.MinecraftServer/]: Can't keep up! Is the server overloaded? Running 2204ms or 44 ticks behind
[05Jan2025 00:44:10.602] [Server thread/WARN] [net.minecraft.server.MinecraftServer/]: Can't keep up! Is the server overloaded? Running 2808ms or 56 ticks behind
[05Jan2025 00:45:51.721] [Server thread/ERROR] [net.minecraft.Util/]: Invalid entity rotation: NaN, discarding.
[05Jan2025 00:45:57.256] [Server thread/ERROR] [net.minecraft.Util/]: Invalid entity rotation: NaN, discarding.
[05Jan2025 00:45:57.356] [Server thread/ERROR] [net.minecraft.Util/]: Invalid entity rotation: NaN, discarding.
[05Jan2025 00:45:57.455] [Server thread/ERROR] [net.minecraft.Util/]: Invalid entity rotation: NaN, discarding.
[05Jan2025 00:45:57.556] [Server thread/ERROR] [net.minecraft.Util/]: Invalid entity rotation: NaN, discarding.
[05Jan2025 00:45:57.658] [Server thread/ERROR] [net.minecraft.Util/]: Invalid entity rotation: NaN, discarding.
[05Jan2025 00:45:57.764] [Server thread/ERROR] [net.minecraft.Util/]: Invalid entity rotation: NaN, discarding.
[05Jan2025 00:48:00.321] [Server thread/WARN] [net.minecraft.server.MinecraftServer/]: Can't keep up! Is the server overloaded? Running 2227ms or 44 ticks behind
[05Jan2025 00:48:45.974] [Server thread/INFO] [net.minecraft.server.MinecraftServer/]: Nucaraga was slain by Ice Dragon
[05Jan2025 00:48:46.545] [Server thread/INFO] [net.minecraft.server.players.PlayerList/]: Afarfa[/127.234.222.222:43619] logged in with entity id 235329 at (282.6067274596558, 63.0, -53.82570925561405)
[05Jan2025 00:48:46.574] [Server thread/INFO] [net.minecraft.server.MinecraftServer/]: Afarfa joined the game
[05Jan2025 00:48:46.622] [Server thread/INFO] [Jade/]: Syncing config to Afarfa (7d7a9792-b781-3893-9e35-be8b3107f4fe)
[05Jan2025 00:48:49.300] [Server thread/WARN] [net.minecraft.server.MinecraftServer/]: Can't keep up! Is the server overloaded? Running 2206ms or 44 ticks behind
[05Jan2025 00:49:06.531] [Server thread/WARN] [net.minecraft.server.MinecraftServer/]: Can't keep up! Is the server overloaded? Running 2237ms or 44 ticks behind
[05Jan2025 00:49:26.722] [Server thread/INFO] [net.minecraft.server.MinecraftServer/]: Nucaraga was frozen by Ice Dragon
[05Jan2025 00:49:53.208] [Server thread/INFO] [net.minecraft.server.MinecraftServer/]: Nucaraga was turned to ice by Ice Dragon
[05Jan2025 00:50:22.408] [Server thread/INFO] [net.minecraft.server.MinecraftServer/]: Nucaraga was frozen by Ice Dragon
[05Jan2025 00:50:27.751] [Server thread/WARN] [net.minecraft.server.MinecraftServer/]: Can't keep up! Is the server overloaded? Running 2056ms or 41 ticks behind
[05Jan2025 00:50:45.443] [Server thread/WARN] [net.minecraft.server.MinecraftServer/]: Can't keep up! Is the server overloaded? Running 2699ms or 53 ticks behind
[05Jan2025 00:55:35.219] [Server thread/INFO] [net.minecraft.server.MinecraftServer/]: Afarfa has made the advancement [Mother of Dragons]
[05Jan2025 00:55:35.294] [Server thread/ERROR] [net.minecraft.Util/]: Invalid entity rotation: NaN, discarding.
[05Jan2025 00:55:37.312] [Server thread/WARN] [net.minecraft.server.MinecraftServer/]: Can't keep up! Is the server overloaded? Running 2118ms or 42 ticks behind
[05Jan2025 00:56:12.306] [Server thread/INFO] [net.minecraft.server.MinecraftServer/]: aw has made the advancement [Mother of Dragons]
[05Jan2025 00:56:27.977] [Server thread/INFO] [net.minecraft.server.MinecraftServer/]: Nucaraga has made the advancement [Mother of Dragons]
[05Jan2025 00:56:53.178] [Server thread/WARN] [net.minecraft.server.MinecraftServer/]: Can't keep up! Is the server overloaded? Running 2034ms or 40 ticks behind
[05Jan2025 00:58:14.977] [Server thread/WARN] [net.minecraft.server.level.ServerPlayerGameMode/]: Mismatch in destroy block pos: BlockPos{x=130, y=-19, z=915} BlockPos{x=131, y=-18, z=914}
[05Jan2025 00:58:25.595] [Server thread/WARN] [net.minecraft.server.MinecraftServer/]: Can't keep up! Is the server overloaded? Running 2001ms or 40 ticks behind
[05Jan2025 00:59:16.749] [Server thread/INFO] [net.minecraft.server.players.PlayerList/]: Luzbel1t0[/127.184.32.72:44301] logged in with entity id 245783 at (409.30000001192093, 77.0, 278.30000001192093)
[05Jan2025 00:59:16.763] [Server thread/INFO] [net.minecraft.server.MinecraftServer/]: Luzbel1t0 joined the game
[05Jan2025 00:59:16.778] [Server thread/INFO] [Jade/]: Syncing config to Luzbel1t0 (df22fe92-577b-395e-b9ac-6fbd2f188cdf)
[05Jan2025 00:59:29.910] [Server thread/WARN] [net.minecraft.server.MinecraftServer/]: Can't keep up! Is the server overloaded? Running 2016ms or 40 ticks behind
[05Jan2025 01:00:08.902] [Server thread/WARN] [net.minecraft.server.MinecraftServer/]: Can't keep up! Is the server overloaded? Running 2008ms or 40 ticks behind
[05Jan2025 01:00:27.506] [Server thread/WARN] [net.minecraft.server.MinecraftServer/]: Can't keep up! Is the server overloaded? Running 2012ms or 40 ticks behind
[05Jan2025 01:00:35.713] [Server thread/WARN] [net.minecraft.server.level.ServerPlayerGameMode/]: Mismatch in destroy block pos: BlockPos{x=-27, y=-19, z=926} BlockPos{x=-26, y=-19, z=926}
[05Jan2025 01:00:51.399] [Server thread/WARN] [net.minecraft.server.MinecraftServer/]: Can't keep up! Is the server overloaded? Running 2005ms or 40 ticks behind
[05Jan2025 01:01:09.036] [Server thread/WARN] [net.minecraft.server.MinecraftServer/]: Can't keep up! Is the server overloaded? Running 2642ms or 52 ticks behind
[05Jan2025 01:01:33.149] [Server thread/WARN] [net.minecraft.server.MinecraftServer/]: Can't keep up! Is the server overloaded? Running 2004ms or 40 ticks behind
[05Jan2025 01:02:04.801] [Server thread/WARN] [net.minecraft.server.MinecraftServer/]: Can't keep up! Is the server overloaded? Running 2006ms or 40 ticks behind
[05Jan2025 01:02:26.501] [Server thread/WARN] [net.minecraft.server.MinecraftServer/]: Can't keep up! Is the server overloaded? Running 2057ms or 41 ticks behind
[05Jan2025 01:02:46.158] [Server thread/WARN] [net.minecraft.server.MinecraftServer/]: Can't keep up! Is the server overloaded? Running 4663ms or 93 ticks behind
[05Jan2025 01:03:10.604] [Server thread/WARN] [net.minecraft.server.MinecraftServer/]: Can't keep up! Is the server overloaded? Running 2010ms or 40 ticks behind
[05Jan2025 01:03:27.899] [Server thread/WARN] [net.minecraft.server.MinecraftServer/]: Can't keep up! Is the server overloaded? Running 2305ms or 46 ticks behind
[05Jan2025 01:03:45.881] [Server thread/WARN] [net.minecraft.server.MinecraftServer/]: Can't keep up! Is the server overloaded? Running 2986ms or 59 ticks behind
[05Jan2025 01:04:03.065] [Server thread/WARN] [net.minecraft.server.MinecraftServer/]: Can't keep up! Is the server overloaded? Running 2221ms or 44 ticks behind
[05Jan2025 01:04:23.903] [Server thread/WARN] [net.minecraft.server.MinecraftServer/]: Can't keep up! Is the server overloaded? Running 2009ms or 40 ticks behind
[05Jan2025 01:04:41.547] [Server thread/WARN] [net.minecraft.server.MinecraftServer/]: Can't keep up! Is the server overloaded? Running 2053ms or 41 ticks behind
[05Jan2025 01:04:58.842] [Server thread/WARN] [net.minecraft.server.MinecraftServer/]: Can't keep up! Is the server overloaded? Running 2298ms or 45 ticks behind
[05Jan2025 01:05:16.014] [Server thread/WARN] [net.minecraft.server.MinecraftServer/]: Can't keep up! Is the server overloaded? Running 2220ms or 44 ticks behind
[05Jan2025 01:05:37.649] [Server thread/WARN] [net.minecraft.server.MinecraftServer/]: Can't keep up! Is the server overloaded? Running 2005ms or 40 ticks behind
[05Jan2025 01:05:56.482] [Server thread/WARN] [net.minecraft.server.MinecraftServer/]: Can't keep up! Is the server overloaded? Running 3838ms or 76 ticks behind
[05Jan2025 01:06:16.098] [Server thread/WARN] [net.minecraft.server.MinecraftServer/]: Can't keep up! Is the server overloaded? Running 2003ms or 40 ticks behind
[05Jan2025 01:06:34.210] [Server thread/WARN] [net.minecraft.server.MinecraftServer/]: Can't keep up! Is the server overloaded? Running 3116ms or 62 ticks behind
[05Jan2025 01:06:52.197] [Server thread/WARN] [net.minecraft.server.MinecraftServer/]: Can't keep up! Is the server overloaded? Running 3002ms or 60 ticks behind
[05Jan2025 01:06:55.619] [Server thread/INFO] [net.minecraft.server.network.ServerGamePacketListenerImpl/]: Nucaraga lost connection: Disconnected
[05Jan2025 01:06:55.620] [Server thread/INFO] [net.minecraft.server.MinecraftServer/]: Nucaraga left the game
[05Jan2025 01:08:03.513] [Server thread/INFO] [net.minecraft.server.network.ServerGamePacketListenerImpl/]: Afarfa lost connection: Disconnected
[05Jan2025 01:08:03.514] [Server thread/INFO] [net.minecraft.server.MinecraftServer/]: Afarfa left the game
[05Jan2025 01:08:18.112] [Server thread/WARN] [net.minecraft.server.MinecraftServer/]: Can't keep up! Is the server overloaded? Running 2068ms or 41 ticks behind
[05Jan2025 01:08:33.569] [Server thread/WARN] [net.minecraft.server.network.ServerGamePacketListenerImpl/]: aw moved too quickly! -10.003673991203641,-0.12129684053920187,-1.849783350068563
[05Jan2025 01:08:45.695] [Server thread/WARN] [net.minecraft.server.MinecraftServer/]: Can't keep up! Is the server overloaded? Running 12600ms or 252 ticks behind
[05Jan2025 01:09:02.780] [Server thread/WARN] [net.minecraft.server.MinecraftServer/]: Can't keep up! Is the server overloaded? Running 2086ms or 41 ticks behind
[05Jan2025 01:17:30.996] [Server thread/WARN] [net.minecraft.server.MinecraftServer/]: Can't keep up! Is the server overloaded? Running 2001ms or 40 ticks behind
[05Jan2025 01:17:51.279] [Server thread/WARN] [net.minecraft.server.MinecraftServer/]: Can't keep up! Is the server overloaded? Running 5285ms or 105 ticks behind
[05Jan2025 01:19:23.064] [Server thread/WARN] [net.minecraft.server.MinecraftServer/]: Can't keep up! Is the server overloaded? Running 2020ms or 40 ticks behind
[05Jan2025 01:23:38.482] [Server thread/INFO] [net.minecraft.server.network.ServerGamePacketListenerImpl/]: aw lost connection: Disconnected
[05Jan2025 01:23:38.483] [Server thread/INFO] [net.minecraft.server.MinecraftServer/]: aw left the game
[05Jan2025 01:27:23.327] [Server thread/INFO] [net.minecraft.server.players.PlayerList/]: aw[/127.98.139.244:44233] logged in with entity id 277455 at (322.277188605445, 55.0, 89.25154634447536)
[05Jan2025 01:27:23.354] [Server thread/INFO] [net.minecraft.server.MinecraftServer/]: aw joined the game
[05Jan2025 01:27:23.372] [Server thread/INFO] [Jade/]: Syncing config to aw (90b84ac2-daee-33a4-860d-84877eae8960)
[05Jan2025 01:27:28.517] [Server thread/WARN] [net.minecraft.server.MinecraftServer/]: Can't keep up! Is the server overloaded? Running 2023ms or 40 ticks behind
[05Jan2025 01:27:35.635] [Server thread/INFO] [net.minecraft.server.players.PlayerList/]: Nucaraga[/127.122.70.63:43307] logged in with entity id 278092 at (-187.84310369437114, -35.0, 923.9418263112565)
[05Jan2025 01:27:35.648] [Server thread/INFO] [net.minecraft.server.MinecraftServer/]: Nucaraga joined the game
[05Jan2025 01:27:35.662] [Server thread/INFO] [Jade/]: Syncing config to Nucaraga (8f9e4dad-698b-3c00-8b47-6313d8eeb79d)
[05Jan2025 01:27:54.583] [Server thread/WARN] [net.minecraft.server.MinecraftServer/]: Can't keep up! Is the server overloaded? Running 11089ms or 221 ticks behind
[05Jan2025 01:28:12.130] [Server thread/WARN] [net.minecraft.server.MinecraftServer/]: Can't keep up! Is the server overloaded? Running 2586ms or 51 ticks behind
[05Jan2025 01:29:01.840] [Server thread/WARN] [net.minecraft.server.MinecraftServer/]: Can't keep up! Is the server overloaded? Running 2045ms or 40 ticks behind
[05Jan2025 01:29:18.242] [Server thread/INFO] [net.minecraft.server.MinecraftServer/]: Nucaraga has made the advancement [They Have a Cave Troll!]
[05Jan2025 01:29:36.260] [Server thread/WARN] [net.minecraft.server.MinecraftServer/]: Can't keep up! Is the server overloaded? Running 2016ms or 40 ticks behind
[05Jan2025 01:30:08.304] [Server thread/WARN] [net.minecraft.server.MinecraftServer/]: Can't keep up! Is the server overloaded? Running 2809ms or 56 ticks behind
[05Jan2025 01:30:08.430] [Server thread/WARN] [net.minecraft.server.network.ServerGamePacketListenerImpl/]: aw moved too quickly! 4.070985346763507,-0.756759288177264,-9.580440897983333
[05Jan2025 01:30:08.442] [Server thread/WARN] [net.minecraft.server.network.ServerGamePacketListenerImpl/]: Boat (vehicle of Luzbel1t0) moved too quickly! -1.1589540652630603,0.0,9.966983134232578
[05Jan2025 01:30:08.442] [Server thread/WARN] [net.minecraft.server.network.ServerGamePacketListenerImpl/]: Boat (vehicle of Luzbel1t0) moved too quickly! -1.1253872275856338,0.0,10.36112023522901
[05Jan2025 01:30:08.443] [Server thread/WARN] [net.minecraft.server.network.ServerGamePacketListenerImpl/]: Boat (vehicle of Luzbel1t0) moved too quickly! -1.0889666681655399,0.0,10.755357964639643
[05Jan2025 01:30:08.443] [Server thread/WARN] [net.minecraft.server.network.ServerGamePacketListenerImpl/]: Boat (vehicle of Luzbel1t0) moved too quickly! -1.0499057889646792,0.0,11.149674875133314
[05Jan2025 01:30:08.444] [Server thread/WARN] [net.minecraft.server.network.ServerGamePacketListenerImpl/]: Boat (vehicle of Luzbel1t0) moved too quickly! -1.0084004594559701,0.0,11.544052140950498
[05Jan2025 01:30:08.444] [Server thread/WARN] [net.minecraft.server.network.ServerGamePacketListenerImpl/]: Boat (vehicle of Luzbel1t0) moved too quickly! -0.9646383364033682,0.0,11.938474547441729
[05Jan2025 01:30:10.143] [Server thread/INFO] [net.minecraft.server.MinecraftServer/]: Nucaraga was doomed to fall
[05Jan2025 01:30:10.279] [Server thread/WARN] [net.minecraft.server.network.ServerGamePacketListenerImpl/]: Boat (vehicle of Luzbel1t0) moved too quickly! -1.3374144250446989,0.0,-13.45860636739826
[05Jan2025 01:30:10.279] [Server thread/WARN] [net.minecraft.server.network.ServerGamePacketListenerImpl/]: Boat (vehicle of Luzbel1t0) moved too quickly! -1.3374144250446989,0.0,-13.45860636739826
[05Jan2025 01:30:10.280] [Server thread/WARN] [net.minecraft.server.network.ServerGamePacketListenerImpl/]: Boat (vehicle of Luzbel1t0) moved too quickly! -1.3374144250446989,0.0,-13.45860636739826
[05Jan2025 01:30:10.280] [Server thread/WARN] [net.minecraft.server.network.ServerGamePacketListenerImpl/]: Boat (vehicle of Luzbel1t0) moved too quickly! -1.3374144250446989,0.0,-13.45860636739826
[05Jan2025 01:30:10.280] [Server thread/WARN] [net.minecraft.server.network.ServerGamePacketListenerImpl/]: Boat (vehicle of Luzbel1t0) moved too quickly! -1.3374144250446989,0.0,-13.45860636739826
[05Jan2025 01:30:10.281] [Server thread/WARN] [net.minecraft.server.network.ServerGamePacketListenerImpl/]: Boat (vehicle of Luzbel1t0) moved too quickly! -1.3374144250446989,0.0,-13.45860636739826
[05Jan2025 01:30:10.411] [Server thread/WARN] [net.minecraft.server.network.ServerGamePacketListenerImpl/]: Boat (vehicle of Luzbel1t0) moved too quickly! -1.3775408566702936,0.0,-16.65362935345911
[05Jan2025 01:30:10.411] [Server thread/WARN] [net.minecraft.server.network.ServerGamePacketListenerImpl/]: Boat (vehicle of Luzbel1t0) moved too quickly! -1.3638270278702294,0.0,-16.254805801422208
[05Jan2025 01:30:10.412] [Server thread/WARN] [net.minecraft.server.network.ServerGamePacketListenerImpl/]: Boat (vehicle of Luzbel1t0) moved too quickly! -1.3455243366606737,0.0,-15.85631173550928
[05Jan2025 01:30:10.412] [Server thread/WARN] [net.minecraft.server.network.ServerGamePacketListenerImpl/]: Boat (vehicle of Luzbel1t0) moved too quickly! -1.3230840847004401,0.0,-15.458115350764274
[05Jan2025 01:30:10.413] [Server thread/WARN] [net.minecraft.server.network.ServerGamePacketListenerImpl/]: Boat (vehicle of Luzbel1t0) moved too quickly! -1.2969124448695766,0.0,-15.060188026452579
[05Jan2025 01:30:10.547] [Server thread/WARN] [net.minecraft.server.network.ServerGamePacketListenerImpl/]: Boat (vehicle of Luzbel1t0) moved too quickly! -1.2673787636981615,0.0,-14.662503430219203
[05Jan2025 01:30:10.548] [Server thread/WARN] [net.minecraft.server.network.ServerGamePacketListenerImpl/]: Boat (vehicle of Luzbel1t0) moved too quickly! -1.2348116621064946,0.0,-14.26503843663977
[05Jan2025 01:30:10.548] [Server thread/WARN] [net.minecraft.server.network.ServerGamePacketListenerImpl/]: Boat (vehicle of Luzbel1t0) moved too quickly! -1.199510689863473,0.0,-13.867771659138725
[05Jan2025 01:30:10.810] [Server thread/WARN] [net.minecraft.server.network.ServerGamePacketListenerImpl/]: Boat (vehicle of Luzbel1t0) moved too quickly! -1.1617454426855147,0.0,-13.470683853523042
[05Jan2025 01:30:10.811] [Server thread/WARN] [net.minecraft.server.network.ServerGamePacketListenerImpl/]: Boat (vehicle of Luzbel1t0) moved too quickly! -1.1217585567101196,0.0,-13.073757696294706
[05Jan2025 01:30:10.812] [Server thread/WARN] [net.minecraft.server.network.ServerGamePacketListenerImpl/]: Boat (vehicle of Luzbel1t0) moved too quickly! -1.0797684039907836,0.0,-12.676977596306187
[05Jan2025 01:30:10.813] [Server thread/WARN] [net.minecraft.server.network.ServerGamePacketListenerImpl/]: Boat (vehicle of Luzbel1t0) moved too quickly! -1.0359715198346748,0.0,-12.280329525249726
[05Jan2025 01:30:11.065] [Server thread/WARN] [net.minecraft.server.network.ServerGamePacketListenerImpl/]: Boat (vehicle of Luzbel1t0) moved too quickly! -0.9905485774293084,0.0,-11.883800280229025
[05Jan2025 01:30:29.825] [Server thread/INFO] [net.minecraft.server.MinecraftServer/]: [Not Secure] <Nucaraga> xaero-waypoint:gui.xaero-deathpoint:D:-186:-42:920:0:false:0:Internal-overworld-waypoints
[05Jan2025 01:30:34.413] [Server thread/WARN] [net.minecraft.server.network.ServerGamePacketListenerImpl/]: Boat (vehicle of Luzbel1t0) moved too quickly! -9.788444793484814,0.0,3.508645239482121
[05Jan2025 01:30:34.414] [Server thread/WARN] [net.minecraft.server.network.ServerGamePacketListenerImpl/]: Boat (vehicle of Luzbel1t0) moved too quickly! -10.164700395619548,0.0,3.6443728929834833
[05Jan2025 01:30:34.415] [Server thread/WARN] [net.minecraft.server.network.ServerGamePacketListenerImpl/]: Boat (vehicle of Luzbel1t0) moved too quickly! -10.540949367403755,0.0,3.780122460227176
[05Jan2025 01:30:34.415] [Server thread/WARN] [net.minecraft.server.network.ServerGamePacketListenerImpl/]: Boat (vehicle of Luzbel1t0) moved too quickly! -10.917192371872261,0.0,3.9158917498384653
[05Jan2025 01:30:38.936] [Server thread/WARN] [net.minecraft.server.MinecraftServer/]: Can't keep up! Is the server overloaded? Running 15641ms or 312 ticks behind
[05Jan2025 01:30:50.718] [Server thread/WARN] [net.minecraft.server.network.ServerGamePacketListenerImpl/]: aw moved too quickly! -7.166065175858648,7.606782321465815,4.3776432969835355
[05Jan2025 01:30:52.979] [Server thread/WARN] [net.minecraft.server.network.ServerGamePacketListenerImpl/]: aw moved too quickly! -12.271368580119542,9.631327670861666,9.1474515462534
[05Jan2025 01:30:57.406] [Server thread/WARN] [net.minecraft.server.network.ServerGamePacketListenerImpl/]: Boat (vehicle of Luzbel1t0) moved too quickly! -7.215741613033515,0.0,7.401876943344632
[05Jan2025 01:30:57.410] [Server thread/WARN] [net.minecraft.server.network.ServerGamePacketListenerImpl/]: Boat (vehicle of Luzbel1t0) moved too quickly! -7.539246463502877,0.0,7.629271830484413
[05Jan2025 01:30:57.410] [Server thread/WARN] [net.minecraft.server.network.ServerGamePacketListenerImpl/]: Boat (vehicle of Luzbel1t0) moved too quickly! -7.866530824843267,0.0,7.851091802149767
[05Jan2025 01:30:57.411] [Server thread/WARN] [net.minecraft.server.network.ServerGamePacketListenerImpl/]: Boat (vehicle of Luzbel1t0) moved too quickly! -8.19738125842241,0.0,8.067543695896347
[05Jan2025 01:30:57.412] [Server thread/WARN] [net.minecraft.server.network.ServerGamePacketListenerImpl/]: Boat (vehicle of Luzbel1t0) moved too quickly! -8.53158646560496,0.0,8.278847031081114
[05Jan2025 01:30:57.412] [Server thread/WARN] [net.minecraft.server.network.ServerGamePacketListenerImpl/]: Boat (vehicle of Luzbel1t0) moved too quickly! -8.868651139095618,0.0,8.485865263310643
[05Jan2025 01:30:57.413] [Server thread/WARN] [net.minecraft.server.network.ServerGamePacketListenerImpl/]: Boat (vehicle of Luzbel1t0) moved too quickly! -9.207836053773008,0.0,8.689970600971265
[05Jan2025 01:30:57.413] [Server thread/WARN] [net.minecraft.server.network.ServerGamePacketListenerImpl/]: Boat (vehicle of Luzbel1t0) moved too quickly! -9.548501496064546,0.0,8.892290884779413
[05Jan2025 01:30:57.414] [Server thread/WARN] [net.minecraft.server.network.ServerGamePacketListenerImpl/]: Boat (vehicle of Luzbel1t0) moved too quickly! -9.890098717223736,0.0,9.09374706679364
[05Jan2025 01:30:57.414] [Server thread/WARN] [net.minecraft.server.network.ServerGamePacketListenerImpl/]: Boat (vehicle of Luzbel1t0) moved too quickly! -10.232158672451988,0.0,9.29508972059466
[05Jan2025 01:30:57.423] [Server thread/WARN] [net.minecraft.server.network.ServerGamePacketListenerImpl/]: aw moved too quickly! -6.764575036943029,2.910150876647535,16.453892461128795
[05Jan2025 01:31:01.133] [Server thread/WARN] [net.minecraft.server.network.ServerGamePacketListenerImpl/]: aw moved too quickly! -6.90126932591474,7.799999673053392,14.987135961497387
[05Jan2025 01:31:04.173] [Server thread/WARN] [net.minecraft.server.network.ServerGamePacketListenerImpl/]: aw moved too quickly! -8.706681120991306,3.394861370466998,15.566361560134794
[05Jan2025 01:31:08.058] [Server thread/WARN] [net.minecraft.server.network.ServerGamePacketListenerImpl/]: aw moved too quickly! -8.527237550786836,5.2279282588295075,15.245540858609502
[05Jan2025 01:31:09.463] [Server thread/WARN] [net.minecraft.server.MinecraftServer/]: Can't keep up! Is the server overloaded? Running 15569ms or 311 ticks behind
[05Jan2025 01:31:15.407] [Server thread/WARN] [net.minecraft.server.network.ServerGamePacketListenerImpl/]: aw moved too quickly! -7.984016335788617,-1.4312192847070833,15.999281245646898
[05Jan2025 01:31:21.257] [Server thread/WARN] [net.minecraft.server.network.ServerGamePacketListenerImpl/]: aw moved too quickly! -7.238977993076389,-2.01411475827652,15.724063224237057
[05Jan2025 01:31:22.602] [Server thread/WARN] [net.minecraft.server.network.ServerGamePacketListenerImpl/]: aw moved too quickly! -7.722635759134668,-2.2627631852625996,16.774634994678536
[05Jan2025 01:31:24.213] [Server thread/WARN] [net.minecraft.server.network.ServerGamePacketListenerImpl/]: aw moved too quickly! -7.527367864679547,-2.979992448996029,16.35048538949968
[05Jan2025 01:31:27.650] [Server thread/WARN] [net.minecraft.server.network.ServerGamePacketListenerImpl/]: aw moved too quickly! -7.265377365205907,-2.3908640805784955,16.00303083046117
[05Jan2025 01:31:31.816] [Worker-Main-34/ERROR] [net.minecraft.world.entity.decoration.HangingEntity/]: Hanging entity at invalid position: BlockPos{x=-30, y=-59, z=9}
[05Jan2025 01:31:32.174] [Server thread/WARN] [net.minecraft.server.network.ServerGamePacketListenerImpl/]: aw moved too quickly! -7.789089156825213,-2.5430054890907456,16.89814610140047
[05Jan2025 01:31:35.820] [Server thread/WARN] [net.minecraft.server.network.ServerGamePacketListenerImpl/]: aw moved too quickly! -8.449303193601963,0.7011991984121266,15.504191513724436
[05Jan2025 01:31:36.317] [Server thread/WARN] [net.minecraft.server.MinecraftServer/]: Can't keep up! Is the server overloaded? Running 11873ms or 237 ticks behind
[05Jan2025 01:32:10.877] [Server thread/WARN] [net.minecraft.server.MinecraftServer/]: Can't keep up! Is the server overloaded? Running 19583ms or 391 ticks behind
[05Jan2025 01:32:41.403] [Server thread/WARN] [net.minecraft.server.MinecraftServer/]: Can't keep up! Is the server overloaded? Running 15559ms or 311 ticks behind
[05Jan2025 01:33:08.241] [Server thread/WARN] [net.minecraft.server.MinecraftServer/]: Can't keep up! Is the server overloaded? Running 11847ms or 236 ticks behind
[05Jan2025 01:33:37.454] [Server thread/WARN] [net.minecraft.server.MinecraftServer/]: Can't keep up! Is the server overloaded? Running 14259ms or 285 ticks behind
[05Jan2025 01:33:56.195] [Server thread/WARN] [net.minecraft.server.MinecraftServer/]: Can't keep up! Is the server overloaded? Running 3751ms or 75 ticks behind
[05Jan2025 01:34:13.960] [Server thread/WARN] [net.minecraft.server.MinecraftServer/]: Can't keep up! Is the server overloaded? Running 2766ms or 55 ticks behind
[05Jan2025 01:34:35.500] [Server thread/WARN] [net.minecraft.server.MinecraftServer/]: Can't keep up! Is the server overloaded? Running 6556ms or 131 ticks behind
[05Jan2025 01:35:36.653] [Server thread/WARN] [net.minecraft.server.MinecraftServer/]: Can't keep up! Is the server overloaded? Running 2458ms or 49 ticks behind
[05Jan2025 01:36:07.285] [Server thread/WARN] [net.minecraft.server.MinecraftServer/]: Can't keep up! Is the server overloaded? Running 15641ms or 312 ticks behind
[05Jan2025 01:36:26.602] [Server thread/WARN] [net.minecraft.server.level.ServerPlayerGameMode/]: Mismatch in destroy block pos: BlockPos{x=2287, y=63, z=2823} BlockPos{x=2287, y=62, z=2824}
[05Jan2025 01:36:30.036] [Server thread/WARN] [net.minecraft.server.MinecraftServer/]: Can't keep up! Is the server overloaded? Running 7792ms or 155 ticks behind
[05Jan2025 01:36:33.946] [Server thread/WARN] [net.minecraft.server.level.ServerPlayerGameMode/]: Mismatch in destroy block pos: BlockPos{x=2290, y=63, z=2813} BlockPos{x=2290, y=61, z=2813}
[05Jan2025 01:36:48.972] [Server thread/WARN] [net.minecraft.server.MinecraftServer/]: Can't keep up! Is the server overloaded? Running 3978ms or 79 ticks behind
[05Jan2025 01:37:13.669] [Server thread/WARN] [net.minecraft.server.MinecraftServer/]: Can't keep up! Is the server overloaded? Running 9725ms or 194 ticks behind
[05Jan2025 01:37:33.024] [Server thread/WARN] [net.minecraft.server.MinecraftServer/]: Can't keep up! Is the server overloaded? Running 4380ms or 87 ticks behind
[05Jan2025 01:38:07.002] [Server thread/WARN] [net.minecraft.server.MinecraftServer/]: Can't keep up! Is the server overloaded? Running 2007ms or 40 ticks behind
[05Jan2025 01:38:27.183] [Server thread/WARN] [net.minecraft.server.MinecraftServer/]: Can't keep up! Is the server overloaded? Running 5189ms or 103 ticks behind
[05Jan2025 01:39:00.425] [Server thread/INFO] [net.minecraft.server.MinecraftServer/]: Luzbel1t0 was slain by Sea Serpent
[05Jan2025 01:39:14.193] [Server thread/WARN] [net.minecraft.server.MinecraftServer/]: Can't keep up! Is the server overloaded? Running 2849ms or 56 ticks behind
[05Jan2025 01:39:17.127] [Server thread/WARN] [net.minecraft.server.network.ServerGamePacketListenerImpl/]: aw moved too quickly! -8.587500391502033,1.7531999805212024,5.015118483557055
[05Jan2025 01:39:17.134] [Server thread/INFO] [net.minecraft.server.MinecraftServer/]: [Not Secure] <aw> a
[05Jan2025 01:39:20.260] [Server thread/INFO] [net.minecraft.server.MinecraftServer/]: [Not Secure] <aw> a
[05Jan2025 01:39:21.518] [Server thread/INFO] [net.minecraft.server.MinecraftServer/]: [Not Secure] <aw> r
[05Jan2025 01:39:37.511] [Server thread/WARN] [net.minecraft.server.MinecraftServer/]: Can't keep up! Is the server overloaded? Running 8367ms or 167 ticks behind
